                                  [ 1 : 14]
              [ 2 :  8]                              [ 3 : 10]
    [ 4 :  4]          [ 5 :  7]          [ 6 :  9]          [ 7 :  3]
[ 8 :  2][ 9 :  1] [10 :  1]
