                                  [ 1 : 16]
              [ 2 : 15]                              [ 3 : 10]
    [ 4 :  8]          [ 5 : 14]          [ 6 :  9]          [ 7 :  3]
[ 8 :  2][ 9 :  4] [10 :  1][11 :  7] 
