1 (1)  L:{4 (1)  L:{5 (1)  L:{6 (0) }  R:{11 (0) } }  R:{8 (0)  L:{9 (0)  L:{10 (0) } } } }  R:{3 (0) } 
