 -- x
    -- α
    -- y
          -- β
          -- γ
