    -- α
 -- x
          -- β
    -- y
          -- γ
