 -- y
    -- x
          -- α
          -- β
    -- γ
