 -- root
    -- y
          -- x
                -- α
                -- β
          -- γ
