          -- 6: 6
    -- 7: 7
          -- 8: 8
 -- 14: 14
                   -- 14: 14
       -- 15: 15
    -- 16: 16
          -- 17: 17
