          -- 1: 1 BLACK
    -- 2: 2 RED
                   -- 4: 4 RED
       -- 5: 5 BLACK
 -- 7: 7 BLACK
          -- 8: 8 BLACK
    -- 11: 11 RED
          -- 14: 14 BLACK
                -- 15: 15 RED
