G : Optional[Greg - 35] 
J : Optional[Jane - 21] 
S : Optional[Sara - 21] 
