20 : [John - 20] 
21 : [Sara - 21, Jane - 21] 
35 : [Greg - 35] 
