olderThanTwenty[0] = Sara - 21
olderThanTwenty[1] = Jane - 21
olderThanTwenty[2] = Greg - 35
