ascendingAge[0] = John - 20
ascendingAge[1] = Sara - 21
ascendingAge[2] = Jane - 21
ascendingAge[3] = Greg - 35
